[12:51:30] building aegon_lookup_bench (release)
akd_core/src/aegon_crypto/arithmetic/multilinear_polynomial.rs:4:5: warning: unused import: `univariate::DenseOrSparsePolynomial`
akd_core/src/aegon_crypto/arithmetic/multilinear_polynomial.rs:13:30: warning: unused import: `IntoParallelIterator`
akd_core/src/aegon_crypto/pcs/kzhk/mod.rs:75:50: warning: unused import: `partially_eval_sparse_poly_on_bool_point`
akd_core/src/aegon_crypto/pcs/mod.rs:11:27: warning: unused import: `default`
akd_core/src/aegon_crypto/arithmetic/virtual_polynomial.rs:15:43: warning: unused import: `MultilinearExtension`
akd_core/src/aegon_crypto/poly.rs:6:27: warning: unused import: `CanonicalSerialize`
akd_core/src/aegon_crypto/poly.rs:6:5: warning: unused import: `CanonicalDeserialize`
akd_core/src/aegon_crypto/poly.rs:6:47: warning: unused import: `Read`
akd_core/src/aegon_crypto/poly.rs:6:80: warning: unused import: `Write`
akd_core/src/aegon_crypto/pcs/kzhk/mod.rs:64:32: warning: unused import: `Read`
akd_core/src/aegon_crypto/pcs/mod.rs:126:9: warning: unused variable: `prover_param`: help: if this is intentional, prefix it with an underscore: `_prover_param`
akd_core/src/aegon_crypto/pcs/mod.rs:127:9: warning: unused variable: `polynomial`: help: if this is intentional, prefix it with an underscore: `_polynomial`
akd_core/src/aegon_crypto/pcs/mod.rs:128:9: warning: unused variable: `com`: help: if this is intentional, prefix it with an underscore: `_com`
akd_core/src/aegon_crypto/pcs/mod.rs:129:9: warning: unused variable: `state`: help: if this is intentional, prefix it with an underscore: `_state`
akd_core/src/aegon_crypto/pcs/mod.rs:176:9: warning: unused variable: `commitment`: help: if this is intentional, prefix it with an underscore: `_commitment`
akd_core/src/aegon_crypto/poly.rs:151:23: warning: variable does not need to be mutable
akd_core/src/aegon_crypto/poly.rs:151:37: warning: variable does not need to be mutable
akd_core/src/aegon_crypto/pcs/kzhk/test.rs:6:4: warning: function `test_single_helper` is never used
warning: `akd_core` (lib) generated 18 warnings (run `cargo fix --lib -p akd_core` to apply 11 suggestions)
warning: unexpected `cfg` condition value: `parallel`
   --> akd/src/aegon/distributed_srs.rs:254:19
    |
254 |             #[cfg(feature = "parallel")]
    |                   ^^^^^^^^^^^^^^^^^^^^
    |
    = note: expected values for `feature` are: `bench`, `default`, `experimental`, `greedy_lookup_preload`, `parallel_vrf`, `preload_history`, `public_auditing`, `public_tests`, `rand`, `runtime_metrics`, `serde_serialization`, `slow_internal_db`, `tracing`, `tracing_instrument`, and `whatsapp_v1`
    = help: consider adding `parallel` as a feature in `Cargo.toml`
    = note: see <https://doc.rust-lang.org/nightly/rustc/check-cfg/cargo-specifics.html> for more information about checking conditional configuration
    = note: `#[warn(unexpected_cfgs)]` on by default

warning: unexpected `cfg` condition value: `parallel`
   --> akd/src/aegon/distributed_srs.rs:269:23
    |
269 |             #[cfg(not(feature = "parallel"))]
    |                       ^^^^^^^^^^^^^^^^^^^^
    |
    = note: expected values for `feature` are: `bench`, `default`, `experimental`, `greedy_lookup_preload`, `parallel_vrf`, `preload_history`, `public_auditing`, `public_tests`, `rand`, `runtime_metrics`, `serde_serialization`, `slow_internal_db`, `tracing`, `tracing_instrument`, and `whatsapp_v1`
    = help: consider adding `parallel` as a feature in `Cargo.toml`
    = note: see <https://doc.rust-lang.org/nightly/rustc/check-cfg/cargo-specifics.html> for more information about checking conditional configuration

warning: unexpected `cfg` condition value: `parallel`
   --> akd/src/aegon/distributed_srs.rs:303:11
    |
303 |     #[cfg(feature = "parallel")]
    |           ^^^^^^^^^^^^^^^^^^^^
    |
    = note: expected values for `feature` are: `bench`, `default`, `experimental`, `greedy_lookup_preload`, `parallel_vrf`, `preload_history`, `public_auditing`, `public_tests`, `rand`, `runtime_metrics`, `serde_serialization`, `slow_internal_db`, `tracing`, `tracing_instrument`, and `whatsapp_v1`
    = help: consider adding `parallel` as a feature in `Cargo.toml`
    = note: see <https://doc.rust-lang.org/nightly/rustc/check-cfg/cargo-specifics.html> for more information about checking conditional configuration

warning: unexpected `cfg` condition value: `parallel`
   --> akd/src/aegon/distributed_srs.rs:317:15
    |
317 |     #[cfg(not(feature = "parallel"))]
    |               ^^^^^^^^^^^^^^^^^^^^
    |
    = note: expected values for `feature` are: `bench`, `default`, `experimental`, `greedy_lookup_preload`, `parallel_vrf`, `preload_history`, `public_auditing`, `public_tests`, `rand`, `runtime_metrics`, `serde_serialization`, `slow_internal_db`, `tracing`, `tracing_instrument`, and `whatsapp_v1`
    = help: consider adding `parallel` as a feature in `Cargo.toml`
    = note: see <https://doc.rust-lang.org/nightly/rustc/check-cfg/cargo-specifics.html> for more information about checking conditional configuration

warning: unused import: `IntoParallelIterator`
  --> akd/src/aegon/distributed_srs.rs:54:19
   |
54 | use rayon::iter::{IntoParallelIterator, ParallelIterator};
   |                   ^^^^^^^^^^^^^^^^^^^^
   |
   = note: `#[warn(unused_imports)]` (part of `#[warn(unused)]`) on by default

warning: unused import: `ParallelIterator`
  --> akd/src/aegon/distributed_srs.rs:54:41
   |
54 | use rayon::iter::{IntoParallelIterator, ParallelIterator};
   |                                         ^^^^^^^^^^^^^^^^

warning: variable does not need to be mutable
   --> akd/src/aegon/db.rs:368:13
    |
368 |         let mut load_list = |key: &[u8]| -> Result<Vec<Vec<u8>>, AegonError> {
    |             ----^^^^^^^^^
    |             |
    |             help: remove this `mut`
    |
    = note: `#[warn(unused_mut)]` (part of `#[warn(unused)]`) on by default

warning: function `derive_eval_point` is never used
  --> akd/src/aegon/fs.rs:47:15
   |
47 | pub(crate) fn derive_eval_point<E, P>(
   |               ^^^^^^^^^^^^^^^^^
   |
   = note: `#[warn(dead_code)]` (part of `#[warn(unused)]`) on by default

warning: function `commit_with_aux` is never used
    --> akd/src/aegon/server.rs:1744:4
     |
1744 | fn commit_with_aux<E, P>(
     |    ^^^^^^^^^^^^^^^

warning: function `tic_toc` is never used
  --> akd/src/append_only_zks.rs:39:10
   |
39 | async fn tic_toc<T>(f: impl core::future::Future<Output = T>) -> (T, Option<f64>) {
   |          ^^^^^^^

warning: enum `AzksElementSet` is never used
  --> akd/src/append_only_zks.rs:76:17
   |
76 | pub(crate) enum AzksElementSet {
   |                 ^^^^^^^^^^^^^^

warning: methods `partition`, `get_longest_common_prefix`, and `contains_prefix` are never used
   --> akd/src/append_only_zks.rs:111:19
    |
107 | impl AzksElementSet {
    | ------------------- methods in this implementation
...
111 |     pub(crate) fn partition(self, prefix_label: NodeLabel) -> (AzksElementSet, AzksElementSet) {
    |                   ^^^^^^^^^
...
161 |     pub(crate) fn get_longest_common_prefix<TC: Configuration>(&self) -> NodeLabel {
    |                   ^^^^^^^^^^^^^^^^^^^^^^^^^
...
185 |     pub(crate) fn contains_prefix(&self, prefix_label: &NodeLabel) -> bool {
    |                   ^^^^^^^^^^^^^^^

warning: method `get_parallel_levels` is never used
   --> akd/src/append_only_zks.rs:248:8
    |
247 | impl AzksParallelismOption {
    | -------------------------- method in this implementation
248 |     fn get_parallel_levels(&self) -> Option<u8> {
    |        ^^^^^^^^^^^^^^^^^^^

warning: multiple associated items are never used
    --> akd/src/append_only_zks.rs:352:25
     |
 319 | impl Azks {
     | --------- associated items in this implementation
...
 352 |     pub(crate) async fn recursive_batch_insert_nodes<TC: Configuration, S: Database + 'static>(
     |                         ^^^^^^^^^^^^^^^^^^^^^^^^^^^^
...
 498 |     async fn get_next_node_in_child_path_from_cache<S: Database + Send + Sync>(
     |              ^^^^^^^^^^^^^^^^^^^^^^^^^^^^^^^^^^^^^^
...
 536 |     pub(crate) async fn build_lookup_maximal_node_set<S: Database + Send + Sync>(
     |                         ^^^^^^^^^^^^^^^^^^^^^^^^^^^^^
...
 572 |     pub(crate) async fn greedy_preload_lookup_nodes<S: Database + Send + Sync>(
     |                         ^^^^^^^^^^^^^^^^^^^^^^^^^^^
...
 618 |     pub(crate) async fn preload_lookup_nodes<S: Database + Send + Sync + 'static>(
     |                         ^^^^^^^^^^^^^^^^^^^^
...
 646 |     pub(crate) async fn preload_nodes<S: Database + 'static>(
     |                         ^^^^^^^^^^^^^
...
 683 |     async fn recursive_preload_nodes<S: Database + 'static>(
     |              ^^^^^^^^^^^^^^^^^^^^^^^
...
 814 |     async fn preload_audit_nodes<S: Database + 'static>(
     |              ^^^^^^^^^^^^^^^^^^^
...
 845 |     async fn recursive_preload_audit_nodes<S: Database + 'static>(
     |              ^^^^^^^^^^^^^^^^^^^^^^^^^^^^^
...
 934 |     async fn get_append_only_proof_helper<TC: Configuration, S: Database + 'static>(
     |              ^^^^^^^^^^^^^^^^^^^^^^^^^^^^
...
1065 |     pub(crate) async fn get_root_hash_safe<TC: Configuration, S: Database>(
     |                         ^^^^^^^^^^^^^^^^^^
...
1089 |     fn increment_epoch(&mut self) {
     |        ^^^^^^^^^^^^^^^
...
1095 |     async fn get_child_azks_element_in_dir<TC: Configuration, S: Database>(
     |              ^^^^^^^^^^^^^^^^^^^^^^^^^^^^^
...
1113 |     async fn get_lcp_node_label_with_membership_proof<TC: Configuration, S: Database>(
     |              ^^^^^^^^^^^^^^^^^^^^^^^^^^^^^^^^^^^^^^^^

warning: type alias `AppendOnlyHelper` is never used
    --> akd/src/append_only_zks.rs:1191:6
     |
1191 | type AppendOnlyHelper = (Vec<AzksElement>, Vec<AzksElement>);
     |      ^^^^^^^^^^^^^^^^

warning: method `retrieve_azks` is never used
   --> akd/src/directory.rs:333:25
    |
123 | / impl<TC, S, V> Directory<TC, S, V>
124 | | where
125 | |     TC: Configuration,
126 | |     S: Database + 'static,
127 | |     V: VRFKeyStorage,
    | |_____________________- method in this implementation
...
333 |       pub(crate) async fn retrieve_azks(&self) -> Result<Azks, AkdError> {
    |                           ^^^^^^^^^^^^^

warning: function `get_marker_version` is never used
   --> akd/src/directory.rs:497:15
    |
497 | pub(crate) fn get_marker_version(version: u64) -> u64 {
    |               ^^^^^^^^^^^^^^^^^^

warning: fields `value_state`, `marker_version`, `existent_label`, `marker_label`, and `non_existent_label` are never read
  --> akd/src/helper_structs.rs:32:16
   |
31 | pub struct LookupInfo {
   |            ---------- fields in this struct
32 |     pub(crate) value_state: ValueState,
   |                ^^^^^^^^^^^
33 |     pub(crate) marker_version: u64,
   |                ^^^^^^^^^^^^^^
34 |     pub(crate) existent_label: NodeLabel,
   |                ^^^^^^^^^^^^^^
35 |     pub(crate) marker_label: NodeLabel,
   |                ^^^^^^^^^^^^
36 |     pub(crate) non_existent_label: NodeLabel,
   |                ^^^^^^^^^^^^^^^^^^
   |
   = note: `LookupInfo` has derived impls for the traits `Debug` and `Clone`, but these are intentionally ignored during dead code analysis

warning: associated function `new` is never used
   --> akd/src/storage/types.rs:104:19
    |
103 | impl ValueState {
    | --------------- associated function in this implementation
104 |     pub(crate) fn new(
    |                   ^^^

warning: associated items `determine_node_to_get`, `write_to_storage`, `get_appropriate_tree_node_from_storage`, and `batch_get_appropriate_tree_node_from_storage` are never used
   --> akd/src/tree_node.rs:137:19
    |
133 | impl TreeNodeWithPreviousValue {
    | ------------------------------ associated items in this implementation
...
137 |     pub(crate) fn determine_node_to_get(
    |                   ^^^^^^^^^^^^^^^^^^^^^
...
173 |     pub(crate) async fn write_to_storage<S: Database>(
    |                         ^^^^^^^^^^^^^^^^
...
180 |     pub(crate) async fn get_appropriate_tree_node_from_storage<S: Database>(
    |                         ^^^^^^^^^^^^^^^^^^^^^^^^^^^^^^^^^^^^^^
...
193 |     pub(crate) async fn batch_get_appropriate_tree_node_from_storage<S: Database>(
    |                         ^^^^^^^^^^^^^^^^^^^^^^^^^^^^^^^^^^^^^^^^^^^^

warning: associated items `write_to_storage`, `get_from_storage`, and `batch_get_from_storage` are never used
   --> akd/src/tree_node.rs:272:25
    |
268 | impl TreeNode {
    | ------------- associated items in this implementation
...
272 |     pub(crate) async fn write_to_storage<S: Database>(
    |                         ^^^^^^^^^^^^^^^^
...
320 |     pub(crate) async fn get_from_storage<S: Database>(
    |                         ^^^^^^^^^^^^^^^^
...
333 |     pub(crate) async fn batch_get_from_storage<S: Database>(
    |                         ^^^^^^^^^^^^^^^^^^^^^^

warning: associated items `new`, `update_hash`, `set_child`, `get_child_node`, `get_child_label`, and `get_latest_epoch` are never used
   --> akd/src/tree_node.rs:359:8
    |
357 | impl TreeNode {
    | ------------- associated items in this implementation
358 |     /// Creates a new TreeNode and writes it to the storage.
359 |     fn new(
    |        ^^^
...
380 |     pub(crate) async fn update_hash<TC: Configuration, S: Database>(
    |                         ^^^^^^^^^^^
...
413 |     pub(crate) fn set_child(&mut self, child_node: &mut TreeNode) -> Result<(), TreeNodeError> {
    |                   ^^^^^^^^^
...
447 |     pub(crate) async fn get_child_node<S: Database>(
    |                         ^^^^^^^^^^^^^^
...
468 |     pub(crate) fn get_child_label(&self, direction: Direction) -> Option<NodeLabel> {
    |                   ^^^^^^^^^^^^^^^
...
477 |     pub(crate) fn get_latest_epoch(&self) -> u64 {
    |                   ^^^^^^^^^^^^^^^^

warning: enum `NodeHashingMode` is never used
   --> akd/src/tree_node.rs:485:17
    |
485 | pub(crate) enum NodeHashingMode {
    |                 ^^^^^^^^^^^^^^^

warning: function `node_to_label` is never used
   --> akd/src/tree_node.rs:492:15
    |
492 | pub(crate) fn node_to_label<TC: Configuration>(input: &Option<TreeNode>) -> NodeLabel {
    |               ^^^^^^^^^^^^^

warning: function `node_to_azks_value` is never used
   --> akd/src/tree_node.rs:499:15
    |
499 | pub(crate) fn node_to_azks_value<TC: Configuration>(
    |               ^^^^^^^^^^^^^^^^^^

warning: function `new_root_node` is never used
   --> akd/src/tree_node.rs:518:15
    |
518 | pub(crate) fn new_root_node<TC: Configuration>() -> TreeNode {
    |               ^^^^^^^^^^^^^

warning: function `new_interior_node` is never used
   --> akd/src/tree_node.rs:532:15
    |
532 | pub(crate) fn new_interior_node<TC: Configuration>(label: NodeLabel, birth_epoch: u64) -> TreeNode {
    |               ^^^^^^^^^^^^^^^^^

warning: function `new_leaf_node` is never used
   --> akd/src/tree_node.rs:544:15
    |
544 | pub(crate) fn new_leaf_node<TC: Configuration>(
    |               ^^^^^^^^^^^^^

warning: missing documentation for a module
   --> akd/src/aegon/mod.rs:21:1
    |
 21 | pub mod error;
    | ^^^^^^^^^^^^^
    |
note: the lint level is defined here
   --> akd/src/lib.rs:525:9
    |
525 | #![warn(missing_docs)]
    |         ^^^^^^^^^^^^

warning: missing documentation for a module
  --> akd/src/aegon/mod.rs:31:1
   |
31 | pub mod types;
   | ^^^^^^^^^^^^^

warning: missing documentation for a struct field
  --> akd/src/aegon/config.rs:61:5
   |
61 |     pub _e: PhantomData<E>,
   |     ^^^^^^^^^^^^^^^^^^^^^^

warning: missing documentation for a struct field
  --> akd/src/aegon/config.rs:96:5
   |
96 |     pub log_capacity: usize,
   |     ^^^^^^^^^^^^^^^^^^^^^^^

warning: missing documentation for a struct field
  --> akd/src/aegon/config.rs:97:5
   |
97 |     pub verifier_param: P::VerifierParam,
   |     ^^^^^^^^^^^^^^^^^^^^^^^^^^^^^^^^^^^^

warning: missing documentation for a struct field
  --> akd/src/aegon/config.rs:98:5
   |
98 |     pub _e: PhantomData<E>,
   |     ^^^^^^^^^^^^^^^^^^^^^^

warning: missing documentation for an associated function
   --> akd/src/aegon/config.rs:117:5
    |
117 |     pub fn new(log_capacity: usize, verifier_param: P::VerifierParam) -> Self {
    |     ^^^^^^^^^^^^^^^^^^^^^^^^^^^^^^^^^^^^^^^^^^^^^^^^^^^^^^^^^^^^^^^^^^^^^^^^^

warning: missing documentation for a module
  --> akd/src/aegon/coordinator_grpc.rs:40:1
   |
40 | pub mod proto {
   | ^^^^^^^^^^^^^

warning: missing documentation for an associated function
   --> akd/src/aegon/coordinator_grpc.rs:145:5
    |
145 |     pub fn new(state: ShardedAegon<E, P, H>) -> Self {
    |     ^^^^^^^^^^^^^^^^^^^^^^^^^^^^^^^^^^^^^^^^^^^^^^^^

warning: missing documentation for a struct field
   --> akd/src/aegon/coordinator_grpc.rs:390:5
    |
390 |     pub endpoint: String,
    |     ^^^^^^^^^^^^^^^^^^^^

warning: missing documentation for a struct field
   --> akd/src/aegon/coordinator_grpc.rs:391:5
    |
391 |     pub verifier_ctx: ShardedVerifierContext<E, P>,
    |     ^^^^^^^^^^^^^^^^^^^^^^^^^^^^^^^^^^^^^^^^^^^^^^

warning: missing documentation for a struct field
   --> akd/src/aegon/coordinator_grpc.rs:392:5
    |
392 |     pub tls_ca_pem: Option<Vec<u8>>,
    |     ^^^^^^^^^^^^^^^^^^^^^^^^^^^^^^^

warning: missing documentation for a struct field
   --> akd/src/aegon/coordinator_grpc.rs:393:5
    |
393 |     pub tls_domain: Option<String>,
    |     ^^^^^^^^^^^^^^^^^^^^^^^^^^^^^^

warning: missing documentation for a struct field
   --> akd/src/aegon/coordinator_grpc.rs:394:5
    |
394 |     pub connect_timeout: Option<std::time::Duration>,
    |     ^^^^^^^^^^^^^^^^^^^^^^^^^^^^^^^^^^^^^^^^^^^^^^^^

warning: missing documentation for an associated function
   --> akd/src/aegon/coordinator_grpc.rs:398:5
    |
398 |     pub fn new(endpoint: String, verifier_ctx: ShardedVerifierContext<E, P>) -> Self {
    |     ^^^^^^^^^^^^^^^^^^^^^^^^^^^^^^^^^^^^^^^^^^^^^^^^^^^^^^^^^^^^^^^^^^^^^^^^^^^^^^^^

warning: missing documentation for a method
   --> akd/src/aegon/coordinator_grpc.rs:408:5
    |
408 |     pub fn with_tls_ca(mut self, ca_pem: Vec<u8>) -> Self {
    |     ^^^^^^^^^^^^^^^^^^^^^^^^^^^^^^^^^^^^^^^^^^^^^^^^^^^^^

warning: missing documentation for a method
   --> akd/src/aegon/coordinator_grpc.rs:413:5
    |
413 |     pub fn with_tls_domain(mut self, domain: impl Into<String>) -> Self {
    |     ^^^^^^^^^^^^^^^^^^^^^^^^^^^^^^^^^^^^^^^^^^^^^^^^^^^^^^^^^^^^^^^^^^^

warning: missing documentation for a struct
 --> /home/alrshir/aegon/target/release/build/akd-6adfeaf30b2ccd5f/out/aegon.coordinator.v1.rs:3:1
  |
3 | pub struct LookupLabelRequest {
  | ^^^^^^^^^^^^^^^^^^^^^^^^^^^^^

warning: missing documentation for a struct
  --> /home/alrshir/aegon/target/release/build/akd-6adfeaf30b2ccd5f/out/aegon.coordinator.v1.rs:11:1
   |
11 | pub struct LookupLabelResponse {
   | ^^^^^^^^^^^^^^^^^^^^^^^^^^^^^^

warning: missing documentation for a struct
  --> /home/alrshir/aegon/target/release/build/akd-6adfeaf30b2ccd5f/out/aegon.coordinator.v1.rs:25:1
   |
25 | pub struct LookupValueRequest {
   | ^^^^^^^^^^^^^^^^^^^^^^^^^^^^^

warning: missing documentation for a struct
  --> /home/alrshir/aegon/target/release/build/akd-6adfeaf30b2ccd5f/out/aegon.coordinator.v1.rs:33:1
   |
33 | pub struct LookupValueResponse {
   | ^^^^^^^^^^^^^^^^^^^^^^^^^^^^^^

warning: missing documentation for a struct
  --> /home/alrshir/aegon/target/release/build/akd-6adfeaf30b2ccd5f/out/aegon.coordinator.v1.rs:47:1
   |
47 | pub struct CommitmentResponse {
   | ^^^^^^^^^^^^^^^^^^^^^^^^^^^^^

warning: missing documentation for a struct
  --> /home/alrshir/aegon/target/release/build/akd-6adfeaf30b2ccd5f/out/aegon.coordinator.v1.rs:55:1
   |
55 | pub struct LookupHistoryRequest {
   | ^^^^^^^^^^^^^^^^^^^^^^^^^^^^^^^

warning: missing documentation for a struct
  --> /home/alrshir/aegon/target/release/build/akd-6adfeaf30b2ccd5f/out/aegon.coordinator.v1.rs:61:1
   |
61 | pub struct LookupHistoryResponse {
   | ^^^^^^^^^^^^^^^^^^^^^^^^^^^^^^^^

warning: missing documentation for a struct
  --> /home/alrshir/aegon/target/release/build/akd-6adfeaf30b2ccd5f/out/aegon.coordinator.v1.rs:73:1
   |
73 | pub struct LookupLabelHistoryRequest {
   | ^^^^^^^^^^^^^^^^^^^^^^^^^^^^^^^^^^^^

warning: missing documentation for a struct field
  --> /home/alrshir/aegon/target/release/build/akd-6adfeaf30b2ccd5f/out/aegon.coordinator.v1.rs:75:5
   |
75 |     pub label: ::prost::alloc::vec::Vec<u8>,
   |     ^^^^^^^^^^^^^^^^^^^^^^^^^^^^^^^^^^^^^^^

warning: missing documentation for a struct
  --> /home/alrshir/aegon/target/release/build/akd-6adfeaf30b2ccd5f/out/aegon.coordinator.v1.rs:78:1
   |
78 | pub struct LookupLabelHistoryResponse {
   | ^^^^^^^^^^^^^^^^^^^^^^^^^^^^^^^^^^^^^

warning: missing documentation for a struct
  --> /home/alrshir/aegon/target/release/build/akd-6adfeaf30b2ccd5f/out/aegon.coordinator.v1.rs:90:1
   |
90 | pub struct Empty {}
   | ^^^^^^^^^^^^^^^^

warning: missing documentation for a module
  --> akd/src/aegon/distributed_srs.rs:74:1
   |
74 | pub mod proto {
   | ^^^^^^^^^^^^^

warning: missing documentation for a struct field
  --> akd/src/aegon/distributed_srs.rs:99:5
   |
99 |     pub g: E::G1Affine,
   |     ^^^^^^^^^^^^^^^^^^

warning: missing documentation for a struct field
   --> akd/src/aegon/distributed_srs.rs:100:5
    |
100 |     pub h: E::G1Affine,
    |     ^^^^^^^^^^^^^^^^^^

warning: missing documentation for a struct field
   --> akd/src/aegon/distributed_srs.rs:101:5
    |
101 |     pub v: E::G2Affine,
    |     ^^^^^^^^^^^^^^^^^^

warning: missing documentation for a method
   --> akd/src/aegon/distributed_srs.rs:139:5
    |
139 |     pub fn k(&self) -> usize {
    |     ^^^^^^^^^^^^^^^^^^^^^^^^

warning: missing documentation for a method
   --> akd/src/aegon/distributed_srs.rs:143:5
    |
143 |     pub fn num_vars(&self) -> usize {
    |     ^^^^^^^^^^^^^^^^^^^^^^^^^^^^^^^

warning: missing documentation for an associated function
   --> akd/src/aegon/distributed_srs.rs:156:5
    |
156 |     pub fn decode(bytes: &[u8]) -> Result<Self, AegonError> {
    |     ^^^^^^^^^^^^^^^^^^^^^^^^^^^^^^^^^^^^^^^^^^^^^^^^^^^^^^^

warning: missing documentation for a struct field
   --> akd/src/aegon/distributed_srs.rs:169:5
    |
169 |     pub t: usize,
    |     ^^^^^^^^^^^^

warning: missing documentation for a struct field
   --> akd/src/aegon/distributed_srs.rs:170:5
    |
170 |     pub shape: Vec<usize>,
    |     ^^^^^^^^^^^^^^^^^^^^^

warning: missing documentation for a struct field
   --> akd/src/aegon/distributed_srs.rs:171:5
    |
171 |     pub strides: Vec<usize>,
    |     ^^^^^^^^^^^^^^^^^^^^^^^

warning: missing documentation for a struct field
   --> akd/src/aegon/distributed_srs.rs:172:5
    |
172 |     pub len: usize,
    |     ^^^^^^^^^^^^^^

warning: missing documentation for an associated function
   --> akd/src/aegon/distributed_srs.rs:176:5
    |
176 |     pub fn all(dimensions: &[usize]) -> Vec<HtGeometry> {
    |     ^^^^^^^^^^^^^^^^^^^^^^^^^^^^^^^^^^^^^^^^^^^^^^^^^^^

warning: missing documentation for a struct field
   --> akd/src/aegon/distributed_srs.rs:593:5
    |
593 |     pub shard_id: u32,
    |     ^^^^^^^^^^^^^^^^^

warning: missing documentation for a struct field
   --> akd/src/aegon/distributed_srs.rs:594:5
    |
594 |     pub log_capacity: u32,
    |     ^^^^^^^^^^^^^^^^^^^^^

warning: missing documentation for a struct field
   --> akd/src/aegon/distributed_srs.rs:595:5
    |
595 |     pub k: u32,
    |     ^^^^^^^^^^

warning: missing documentation for a struct field
   --> akd/src/aegon/distributed_srs.rs:596:5
    |
596 |     pub setup_seed: u64,
    |     ^^^^^^^^^^^^^^^^^^^

warning: missing documentation for a struct field
   --> akd/src/aegon/distributed_srs.rs:597:5
    |
597 |     pub cache_dir: PathBuf,
    |     ^^^^^^^^^^^^^^^^^^^^^^

warning: missing documentation for a method
   --> akd/src/aegon/distributed_srs.rs:620:5
    |
620 |     pub fn as_str(self) -> &'static str {
    |     ^^^^^^^^^^^^^^^^^^^^^^^^^^^^^^^^^^^

warning: missing documentation for a struct field
   --> akd/src/aegon/distributed_srs.rs:638:5
    |
638 |     pub shard_id: u32,
    |     ^^^^^^^^^^^^^^^^^

warning: missing documentation for a struct field
   --> akd/src/aegon/distributed_srs.rs:639:5
    |
639 |     pub cache_hit: bool,
    |     ^^^^^^^^^^^^^^^^^^^

warning: missing documentation for a struct field
   --> akd/src/aegon/distributed_srs.rs:640:5
    |
640 |     pub phases: Vec<PhaseEntry>,
    |     ^^^^^^^^^^^^^^^^^^^^^^^^^^^

warning: missing documentation for a struct field
   --> akd/src/aegon/distributed_srs.rs:641:5
    |
641 |     pub inbound_slab_bytes: u64,
    |     ^^^^^^^^^^^^^^^^^^^^^^^^^^^

warning: missing documentation for a struct field
   --> akd/src/aegon/distributed_srs.rs:642:5
    |
642 |     pub outbound_slab_bytes: u64,
    |     ^^^^^^^^^^^^^^^^^^^^^^^^^^^^

warning: missing documentation for a struct field
   --> akd/src/aegon/distributed_srs.rs:643:5
    |
643 |     pub pk_bytes: u64,
    |     ^^^^^^^^^^^^^^^^^

warning: missing documentation for a struct field
   --> akd/src/aegon/distributed_srs.rs:644:5
    |
644 |     pub vk_bytes: u64,
    |     ^^^^^^^^^^^^^^^^^

warning: missing documentation for a struct field
   --> akd/src/aegon/distributed_srs.rs:645:5
    |
645 |     pub universal_bytes: u64,
    |     ^^^^^^^^^^^^^^^^^^^^^^^^

warning: missing documentation for a struct field
   --> akd/src/aegon/distributed_srs.rs:646:5
    |
646 |     pub compute_secs: f64,
    |     ^^^^^^^^^^^^^^^^^^^^^

warning: missing documentation for a struct field
   --> akd/src/aegon/distributed_srs.rs:647:5
    |
647 |     pub communication_secs: f64,
    |     ^^^^^^^^^^^^^^^^^^^^^^^^^^^

warning: missing documentation for an associated function
   --> akd/src/aegon/distributed_srs.rs:719:5
    |
719 |     pub fn new(config: SrsBootstrapConfig) -> Arc<Self> {
    |     ^^^^^^^^^^^^^^^^^^^^^^^^^^^^^^^^^^^^^^^^^^^^^^^^^^^

warning: missing documentation for a method
   --> akd/src/aegon/distributed_srs.rs:748:5
    |
748 |     pub fn config(&self) -> &SrsBootstrapConfig {
    |     ^^^^^^^^^^^^^^^^^^^^^^^^^^^^^^^^^^^^^^^^^^^

warning: missing documentation for a method
   --> akd/src/aegon/distributed_srs.rs:956:5
    |
956 |     pub async fn phase(&self) -> Phase {
    |     ^^^^^^^^^^^^^^^^^^^^^^^^^^^^^^^^^^

warning: missing documentation for a method
   --> akd/src/aegon/distributed_srs.rs:960:5
    |
960 |     pub async fn status(&self) -> String {
    |     ^^^^^^^^^^^^^^^^^^^^^^^^^^^^^^^^^^^^

warning: missing documentation for an associated function
   --> akd/src/aegon/distributed_srs.rs:976:5
    |
976 |     pub fn new(state: Arc<SrsBootstrapState<E>>) -> Self {
    |     ^^^^^^^^^^^^^^^^^^^^^^^^^^^^^^^^^^^^^^^^^^^^^^^^^^^^

warning: missing documentation for a struct
 --> /home/alrshir/aegon/target/release/build/akd-6adfeaf30b2ccd5f/out/aegon.srs.v1.rs:3:1
  |
3 | pub struct BootstrapSrsRequest {
  | ^^^^^^^^^^^^^^^^^^^^^^^^^^^^^^

warning: missing documentation for a struct field
  --> /home/alrshir/aegon/target/release/build/akd-6adfeaf30b2ccd5f/out/aegon.srs.v1.rs:22:5
   |
22 |     pub log_capacity: u32,
   |     ^^^^^^^^^^^^^^^^^^^^^

warning: missing documentation for a struct
  --> /home/alrshir/aegon/target/release/build/akd-6adfeaf30b2ccd5f/out/aegon.srs.v1.rs:34:1
   |
34 | pub struct BootstrapSrsResponse {
   | ^^^^^^^^^^^^^^^^^^^^^^^^^^^^^^^

warning: missing documentation for a struct
  --> /home/alrshir/aegon/target/release/build/akd-6adfeaf30b2ccd5f/out/aegon.srs.v1.rs:42:1
   |
42 | pub struct GetSrsSlabRequest {
   | ^^^^^^^^^^^^^^^^^^^^^^^^^^^^

warning: missing documentation for a struct field
  --> /home/alrshir/aegon/target/release/build/akd-6adfeaf30b2ccd5f/out/aegon.srs.v1.rs:53:5
   |
53 |     pub range_end: u64,
   |     ^^^^^^^^^^^^^^^^^^

warning: missing documentation for a struct
  --> /home/alrshir/aegon/target/release/build/akd-6adfeaf30b2ccd5f/out/aegon.srs.v1.rs:56:1
   |
56 | pub struct SrsSlabChunk {
   | ^^^^^^^^^^^^^^^^^^^^^^^

warning: missing documentation for a struct
  --> /home/alrshir/aegon/target/release/build/akd-6adfeaf30b2ccd5f/out/aegon.srs.v1.rs:69:1
   |
69 | pub struct WaitForReadyRequest {
   | ^^^^^^^^^^^^^^^^^^^^^^^^^^^^^^

warning: missing documentation for a struct
  --> /home/alrshir/aegon/target/release/build/akd-6adfeaf30b2ccd5f/out/aegon.srs.v1.rs:76:1
   |
76 | pub struct WaitForReadyResponse {
   | ^^^^^^^^^^^^^^^^^^^^^^^^^^^^^^^

warning: missing documentation for a struct
  --> /home/alrshir/aegon/target/release/build/akd-6adfeaf30b2ccd5f/out/aegon.srs.v1.rs:86:1
   |
86 | pub struct GetMetricsRequest {}
   | ^^^^^^^^^^^^^^^^^^^^^^^^^^^^

warning: missing documentation for a struct
   --> /home/alrshir/aegon/target/release/build/akd-6adfeaf30b2ccd5f/out/aegon.srs.v1.rs:107:1
    |
107 | pub struct GetMetricsResponse {
    | ^^^^^^^^^^^^^^^^^^^^^^^^^^^^^

warning: missing documentation for a struct field
   --> /home/alrshir/aegon/target/release/build/akd-6adfeaf30b2ccd5f/out/aegon.srs.v1.rs:109:5
    |
109 |     pub shard_id: u32,
    |     ^^^^^^^^^^^^^^^^^

warning: missing documentation for a struct field
   --> /home/alrshir/aegon/target/release/build/akd-6adfeaf30b2ccd5f/out/aegon.srs.v1.rs:135:5
    |
135 |     pub vk_bytes: u64,
    |     ^^^^^^^^^^^^^^^^^

warning: missing documentation for a struct field
   --> /home/alrshir/aegon/target/release/build/akd-6adfeaf30b2ccd5f/out/aegon.srs.v1.rs:137:5
    |
137 |     pub universal_bytes: u64,
    |     ^^^^^^^^^^^^^^^^^^^^^^^^

warning: missing documentation for an enum
 --> akd/src/aegon/error.rs:4:1
  |
4 | pub enum AegonError {
  | ^^^^^^^^^^^^^^^^^^^

warning: missing documentation for a variant
 --> akd/src/aegon/error.rs:6:5
  |
6 |     UnknownLabel(Vec<u8>),
  |     ^^^^^^^^^^^^

warning: missing documentation for a variant
 --> akd/src/aegon/error.rs:9:5
  |
9 |     DuplicateLabel(Vec<u8>),
  |     ^^^^^^^^^^^^^^

warning: missing documentation for a variant
  --> akd/src/aegon/error.rs:12:5
   |
12 |     DictionaryFull { capacity: usize },
   |     ^^^^^^^^^^^^^^

warning: missing documentation for a struct field
  --> akd/src/aegon/error.rs:12:22
   |
12 |     DictionaryFull { capacity: usize },
   |                      ^^^^^^^^^^^^^^^

warning: missing documentation for a variant
  --> akd/src/aegon/error.rs:15:5
   |
15 |     InvalidEpoch(u64),
   |     ^^^^^^^^^^^^

warning: missing documentation for a variant
  --> akd/src/aegon/error.rs:18:5
   |
18 |     Config(String),
   |     ^^^^^^

warning: missing documentation for a variant
  --> akd/src/aegon/error.rs:21:5
   |
21 |     Pcs(akd_core::aegon_crypto::pcs::prelude::PCSError),
   |     ^^^

warning: missing documentation for a variant
  --> akd/src/aegon/error.rs:24:5
   |
24 |     Transcript(akd_core::aegon_crypto::transcript::TranscriptError),
   |     ^^^^^^^^^^

warning: missing documentation for a variant
  --> akd/src/aegon/error.rs:27:5
   |
27 |     Verification(&'static str),
   |     ^^^^^^^^^^^^

warning: missing documentation for a variant
  --> akd/src/aegon/error.rs:30:5
   |
30 |     Database(String),
   |     ^^^^^^^^

warning: missing documentation for a module
  --> akd/src/aegon/masking.rs:43:1
   |
43 | pub mod proto {
   | ^^^^^^^^^^^^^

warning: missing documentation for a struct
 --> /home/alrshir/aegon/target/release/build/akd-6adfeaf30b2ccd5f/out/aegon.masking.v1.rs:3:1
  |
3 | pub struct MaskingPackageRequest {
  | ^^^^^^^^^^^^^^^^^^^^^^^^^^^^^^^^

warning: missing documentation for a struct
  --> /home/alrshir/aegon/target/release/build/akd-6adfeaf30b2ccd5f/out/aegon.masking.v1.rs:11:1
   |
11 | pub struct MaskingPackageResponse {
   | ^^^^^^^^^^^^^^^^^^^^^^^^^^^^^^^^^

warning: missing documentation for a struct
  --> akd/src/aegon/server.rs:64:1
   |
64 | pub struct Aegon<E, P, H = Sha256Hash>
   | ^^^^^^^^^^^^^^^^^^^^^^^^^^^^^^^^^^^^^^

warning: missing documentation for a struct field
   --> akd/src/aegon/server.rs:152:5
    |
152 |     pub epoch: u64,
    |     ^^^^^^^^^^^^^^

warning: missing documentation for a struct field
   --> akd/src/aegon/server.rs:153:5
    |
153 |     pub index_poly_evals: Vec<(u64, E::ScalarField)>,
    |     ^^^^^^^^^^^^^^^^^^^^^^^^^^^^^^^^^^^^^^^^^^^^^^^^

warning: missing documentation for a struct field
   --> akd/src/aegon/server.rs:154:5
    |
154 |     pub value_poly_evals: Vec<(u64, E::ScalarField)>,
    |     ^^^^^^^^^^^^^^^^^^^^^^^^^^^^^^^^^^^^^^^^^^^^^^^^

warning: missing documentation for a struct field
   --> akd/src/aegon/server.rs:155:5
    |
155 |     pub rand_index_poly_evals: Vec<(u64, E::ScalarField)>,
    |     ^^^^^^^^^^^^^^^^^^^^^^^^^^^^^^^^^^^^^^^^^^^^^^^^^^^^^

warning: missing documentation for a struct field
   --> akd/src/aegon/server.rs:156:5
    |
156 |     pub rand_value_poly_evals: Vec<(u64, E::ScalarField)>,
    |     ^^^^^^^^^^^^^^^^^^^^^^^^^^^^^^^^^^^^^^^^^^^^^^^^^^^^^

warning: missing documentation for a struct field
   --> akd/src/aegon/server.rs:157:5
    |
157 |     pub index_commitment: P::Commitment,
    |     ^^^^^^^^^^^^^^^^^^^^^^^^^^^^^^^^^^^

warning: missing documentation for a struct field
   --> akd/src/aegon/server.rs:158:5
    |
158 |     pub index_state: P::State,
    |     ^^^^^^^^^^^^^^^^^^^^^^^^^

warning: missing documentation for a struct field
   --> akd/src/aegon/server.rs:159:5
    |
159 |     pub value_commitment: P::Commitment,
    |     ^^^^^^^^^^^^^^^^^^^^^^^^^^^^^^^^^^^

warning: missing documentation for a struct field
   --> akd/src/aegon/server.rs:160:5
    |
160 |     pub value_state: P::State,
    |     ^^^^^^^^^^^^^^^^^^^^^^^^^

warning: missing documentation for a struct field
   --> akd/src/aegon/server.rs:161:5
    |
161 |     pub rand_index_commitment: P::Commitment,
    |     ^^^^^^^^^^^^^^^^^^^^^^^^^^^^^^^^^^^^^^^^

warning: missing documentation for a struct field
   --> akd/src/aegon/server.rs:162:5
    |
162 |     pub rand_index_state: P::State,
    |     ^^^^^^^^^^^^^^^^^^^^^^^^^^^^^^

warning: missing documentation for a struct field
   --> akd/src/aegon/server.rs:163:5
    |
163 |     pub rand_value_commitment: P::Commitment,
    |     ^^^^^^^^^^^^^^^^^^^^^^^^^^^^^^^^^^^^^^^^

warning: missing documentation for a struct field
   --> akd/src/aegon/server.rs:164:5
    |
164 |     pub rand_value_state: P::State,
    |     ^^^^^^^^^^^^^^^^^^^^^^^^^^^^^^

warning: missing documentation for a struct field
   --> akd/src/aegon/server.rs:165:5
    |
165 |     pub r_index: E::ScalarField,
    |     ^^^^^^^^^^^^^^^^^^^^^^^^^^^

warning: missing documentation for a struct field
   --> akd/src/aegon/server.rs:166:5
    |
166 |     pub r_value: E::ScalarField,
    |     ^^^^^^^^^^^^^^^^^^^^^^^^^^^

warning: missing documentation for a struct field
   --> akd/src/aegon/server.rs:167:5
    |
167 |     pub label_table_entries: Vec<(Vec<u8>, Vec<bool>, u64)>,
    |     ^^^^^^^^^^^^^^^^^^^^^^^^^^^^^^^^^^^^^^^^^^^^^^^^^^^^^^^

warning: missing documentation for a method
   --> akd/src/aegon/server.rs:366:5
    |
366 |     pub fn verifier_param(&self) -> P::VerifierParam {
    |     ^^^^^^^^^^^^^^^^^^^^^^^^^^^^^^^^^^^^^^^^^^^^^^^^

warning: missing documentation for a method
   --> akd/src/aegon/server.rs:585:5
    |
585 |     pub fn log_capacity(&self) -> usize {
    |     ^^^^^^^^^^^^^^^^^^^^^^^^^^^^^^^^^^^

warning: missing documentation for a method
   --> akd/src/aegon/server.rs:588:5
    |
588 |     pub fn dims(&self) -> &[usize] {
    |     ^^^^^^^^^^^^^^^^^^^^^^^^^^^^^^

warning: missing documentation for a method
   --> akd/src/aegon/server.rs:591:5
    |
591 |     pub fn epoch(&self) -> u64 {
    |     ^^^^^^^^^^^^^^^^^^^^^^^^^^

warning: missing documentation for a method
   --> akd/src/aegon/server.rs:602:5
    |
602 |     pub fn current_commitment(&self) -> EpochCommitment<E, P> {
    |     ^^^^^^^^^^^^^^^^^^^^^^^^^^^^^^^^^^^^^^^^^^^^^^^^^^^^^^^^^

warning: missing documentation for a method
    --> akd/src/aegon/server.rs:1549:5
     |
1549 |     pub fn lookup(&self, label: &Label) -> Result<LookupProof<E, P>, AegonError> {
     |     ^^^^^^^^^^^^^^^^^^^^^^^^^^^^^^^^^^^^^^^^^^^^^^^^^^^^^^^^^^^^^^^^^^^^^^^^^^^^

warning: missing documentation for a module
  --> akd/src/aegon/shard_grpc.rs:44:1
   |
44 | pub mod proto {
   | ^^^^^^^^^^^^^

warning: missing documentation for a method
   --> akd/src/aegon/shard_grpc.rs:100:5
    |
100 | /     fn publish_phase_1_at_slots(
101 | |         &mut self,
102 | |         batch: &[ShardWrite<E::ScalarField>],
103 | |     ) -> Result<(P::Commitment, P::Commitment), AegonError>;
    | |____________________________________________________________^

warning: missing documentation for a method
   --> akd/src/aegon/shard_grpc.rs:105:5
    |
105 | /     fn publish_phase_2(
106 | |         &mut self,
107 | |         new_r_index: E::ScalarField,
108 | |         new_r_value: E::ScalarField,
109 | |     ) -> Result<(EpochCommitment<E, P>, HistoryOpenings<E, P>), AegonError>;
    | |____________________________________________________________________________^

warning: missing documentation for a method
   --> akd/src/aegon/shard_grpc.rs:111:5
    |
111 |     fn is_index_slot_occupied(&self, slot_bits: &[bool]) -> bool;
    |     ^^^^^^^^^^^^^^^^^^^^^^^^^^^^^^^^^^^^^^^^^^^^^^^^^^^^^^^^^^^^^

warning: missing documentation for a method
   --> akd/src/aegon/shard_grpc.rs:113:5
    |
113 | /     fn open_index_at_slot(
114 | |         &self,
115 | |         slot_bits: &[bool],
116 | |     ) -> Result<(E::ScalarField, P::Proof), AegonError>;
    | |________________________________________________________^

warning: missing documentation for a method
   --> akd/src/aegon/shard_grpc.rs:118:5
    |
118 | /     fn open_value_at_slot(
119 | |         &self,
120 | |         slot_bits: &[bool],
121 | |     ) -> Result<(E::ScalarField, P::Proof), AegonError>;
    | |________________________________________________________^

warning: missing documentation for a method
   --> akd/src/aegon/shard_grpc.rs:123:5
    |
123 | /     fn open_rand_index_at_slot_in_epoch(
124 | |         &self,
125 | |         slot_bits: &[bool],
126 | |         epoch: u64,
127 | |     ) -> Result<(E::ScalarField, P::Proof), AegonError>;
    | |________________________________________________________^

warning: missing documentation for a method
   --> akd/src/aegon/shard_grpc.rs:129:5
    |
129 | /     fn open_rand_value_at_slot_in_epoch(
130 | |         &self,
131 | |         slot_bits: &[bool],
132 | |         epoch: u64,
133 | |     ) -> Result<(E::ScalarField, P::Proof), AegonError>;
    | |________________________________________________________^

warning: missing documentation for a method
   --> akd/src/aegon/shard_grpc.rs:162:5
    |
162 |     fn current_commitment(&self) -> EpochCommitment<E, P>;
    |     ^^^^^^^^^^^^^^^^^^^^^^^^^^^^^^^^^^^^^^^^^^^^^^^^^^^^^^

warning: missing documentation for a method
   --> akd/src/aegon/shard_grpc.rs:169:5
    |
169 |     fn log_capacity(&self) -> usize;
    |     ^^^^^^^^^^^^^^^^^^^^^^^^^^^^^^^^

warning: missing documentation for an associated function
   --> akd/src/aegon/shard_grpc.rs:389:5
    |
389 |     pub fn new(aegon: Aegon<E, P, H>) -> Self {
    |     ^^^^^^^^^^^^^^^^^^^^^^^^^^^^^^^^^^^^^^^^^

warning: missing documentation for a struct field
   --> akd/src/aegon/shard_grpc.rs:695:5
    |
695 |     pub max_attempts: usize,
    |     ^^^^^^^^^^^^^^^^^^^^^^^

warning: missing documentation for a struct field
   --> akd/src/aegon/shard_grpc.rs:696:5
    |
696 |     pub initial_backoff: Duration,
    |     ^^^^^^^^^^^^^^^^^^^^^^^^^^^^^

warning: missing documentation for a struct field
   --> akd/src/aegon/shard_grpc.rs:697:5
    |
697 |     pub max_backoff: Duration,
    |     ^^^^^^^^^^^^^^^^^^^^^^^^^

warning: missing documentation for an associated function
   --> akd/src/aegon/shard_grpc.rs:711:5
    |
711 |     pub fn off() -> Self {
    |     ^^^^^^^^^^^^^^^^^^^^

warning: missing documentation for a struct field
   --> akd/src/aegon/shard_grpc.rs:722:5
    |
722 |     pub endpoint: String,
    |     ^^^^^^^^^^^^^^^^^^^^

warning: missing documentation for a struct field
   --> akd/src/aegon/shard_grpc.rs:723:5
    |
723 |     pub verifier_context: VerifierContext<E, P>,
    |     ^^^^^^^^^^^^^^^^^^^^^^^^^^^^^^^^^^^^^^^^^^^

warning: missing documentation for a struct field
   --> akd/src/aegon/shard_grpc.rs:724:5
    |
724 |     pub log_capacity: usize,
    |     ^^^^^^^^^^^^^^^^^^^^^^^

warning: missing documentation for a struct field
   --> akd/src/aegon/shard_grpc.rs:731:5
    |
731 |     pub retry: RetryPolicy,
    |     ^^^^^^^^^^^^^^^^^^^^^^

warning: missing documentation for a struct field
   --> akd/src/aegon/shard_grpc.rs:732:5
    |
732 |     pub connect_timeout: Option<Duration>,
    |     ^^^^^^^^^^^^^^^^^^^^^^^^^^^^^^^^^^^^^

warning: missing documentation for an associated function
   --> akd/src/aegon/shard_grpc.rs:736:5
    |
736 | /     pub fn new(
737 | |         endpoint: String,
738 | |         verifier_context: VerifierContext<E, P>,
739 | |         log_capacity: usize,
740 | |     ) -> Self {
    | |_____________^

warning: missing documentation for a method
   --> akd/src/aegon/shard_grpc.rs:752:5
    |
752 |     pub fn with_tls_ca(mut self, ca_pem: Vec<u8>) -> Self {
    |     ^^^^^^^^^^^^^^^^^^^^^^^^^^^^^^^^^^^^^^^^^^^^^^^^^^^^^

warning: missing documentation for a method
   --> akd/src/aegon/shard_grpc.rs:757:5
    |
757 |     pub fn with_tls_domain(mut self, domain: impl Into<String>) -> Self {
    |     ^^^^^^^^^^^^^^^^^^^^^^^^^^^^^^^^^^^^^^^^^^^^^^^^^^^^^^^^^^^^^^^^^^^

warning: missing documentation for a method
   --> akd/src/aegon/shard_grpc.rs:762:5
    |
762 |     pub fn with_retry(mut self, retry: RetryPolicy) -> Self {
    |     ^^^^^^^^^^^^^^^^^^^^^^^^^^^^^^^^^^^^^^^^^^^^^^^^^^^^^^^

warning: missing documentation for a struct
   --> akd/src/aegon/shard_grpc.rs:768:1
    |
768 | pub struct GrpcShardClient<E, P>
    | ^^^^^^^^^^^^^^^^^^^^^^^^^^^^^^^^

warning: missing documentation for a struct
 --> /home/alrshir/aegon/target/release/build/akd-6adfeaf30b2ccd5f/out/aegon.shard.v1.rs:3:1
  |
3 | pub struct RemaskValueHistoryEntryRequest {
  | ^^^^^^^^^^^^^^^^^^^^^^^^^^^^^^^^^^^^^^^^^

warning: missing documentation for a struct
 --> /home/alrshir/aegon/target/release/build/akd-6adfeaf30b2ccd5f/out/aegon.shard.v1.rs:9:1
  |
9 | pub struct RemaskValueHistoryEntryResponse {
  | ^^^^^^^^^^^^^^^^^^^^^^^^^^^^^^^^^^^^^^^^^^

warning: missing documentation for a struct
  --> /home/alrshir/aegon/target/release/build/akd-6adfeaf30b2ccd5f/out/aegon.shard.v1.rs:18:1
   |
18 | pub struct PublishPhase1Request {
   | ^^^^^^^^^^^^^^^^^^^^^^^^^^^^^^^

warning: missing documentation for a struct
  --> /home/alrshir/aegon/target/release/build/akd-6adfeaf30b2ccd5f/out/aegon.shard.v1.rs:27:1
   |
27 | pub struct PublishPhase1Response {
   | ^^^^^^^^^^^^^^^^^^^^^^^^^^^^^^^^

warning: missing documentation for a struct field
  --> /home/alrshir/aegon/target/release/build/akd-6adfeaf30b2ccd5f/out/aegon.shard.v1.rs:29:5
   |
29 |     pub index_commitment: ::prost::alloc::vec::Vec<u8>,
   |     ^^^^^^^^^^^^^^^^^^^^^^^^^^^^^^^^^^^^^^^^^^^^^^^^^^

warning: missing documentation for a struct field
  --> /home/alrshir/aegon/target/release/build/akd-6adfeaf30b2ccd5f/out/aegon.shard.v1.rs:31:5
   |
31 |     pub value_commitment: ::prost::alloc::vec::Vec<u8>,
   |     ^^^^^^^^^^^^^^^^^^^^^^^^^^^^^^^^^^^^^^^^^^^^^^^^^^

warning: missing documentation for a struct
  --> /home/alrshir/aegon/target/release/build/akd-6adfeaf30b2ccd5f/out/aegon.shard.v1.rs:34:1
   |
34 | pub struct PublishPhase2Request {
   | ^^^^^^^^^^^^^^^^^^^^^^^^^^^^^^^

warning: missing documentation for a struct field
  --> /home/alrshir/aegon/target/release/build/akd-6adfeaf30b2ccd5f/out/aegon.shard.v1.rs:39:5
   |
39 |     pub r_value: ::prost::alloc::vec::Vec<u8>,
   |     ^^^^^^^^^^^^^^^^^^^^^^^^^^^^^^^^^^^^^^^^^

warning: missing documentation for a struct
  --> /home/alrshir/aegon/target/release/build/akd-6adfeaf30b2ccd5f/out/aegon.shard.v1.rs:42:1
   |
42 | pub struct PublishPhase2Response {
   | ^^^^^^^^^^^^^^^^^^^^^^^^^^^^^^^^

warning: missing documentation for a struct
  --> /home/alrshir/aegon/target/release/build/akd-6adfeaf30b2ccd5f/out/aegon.shard.v1.rs:53:1
   |
53 | pub struct SlotRequest {
   | ^^^^^^^^^^^^^^^^^^^^^^

warning: missing documentation for a struct
  --> /home/alrshir/aegon/target/release/build/akd-6adfeaf30b2ccd5f/out/aegon.shard.v1.rs:59:1
   |
59 | pub struct SlotEpochRequest {
   | ^^^^^^^^^^^^^^^^^^^^^^^^^^^

warning: missing documentation for a struct field
  --> /home/alrshir/aegon/target/release/build/akd-6adfeaf30b2ccd5f/out/aegon.shard.v1.rs:61:5
   |
61 |     pub slot_bits: ::prost::alloc::vec::Vec<u8>,
   |     ^^^^^^^^^^^^^^^^^^^^^^^^^^^^^^^^^^^^^^^^^^^

warning: missing documentation for a struct field
  --> /home/alrshir/aegon/target/release/build/akd-6adfeaf30b2ccd5f/out/aegon.shard.v1.rs:63:5
   |
63 |     pub epoch: u64,
   |     ^^^^^^^^^^^^^^

warning: missing documentation for a struct
  --> /home/alrshir/aegon/target/release/build/akd-6adfeaf30b2ccd5f/out/aegon.shard.v1.rs:66:1
   |
66 | pub struct SlotOccupiedResponse {
   | ^^^^^^^^^^^^^^^^^^^^^^^^^^^^^^^

warning: missing documentation for a struct field
  --> /home/alrshir/aegon/target/release/build/akd-6adfeaf30b2ccd5f/out/aegon.shard.v1.rs:68:5
   |
68 |     pub occupied: bool,
   |     ^^^^^^^^^^^^^^^^^^

warning: missing documentation for a struct
  --> /home/alrshir/aegon/target/release/build/akd-6adfeaf30b2ccd5f/out/aegon.shard.v1.rs:71:1
   |
71 | pub struct OpenResponse {
   | ^^^^^^^^^^^^^^^^^^^^^^^

warning: missing documentation for a struct
  --> /home/alrshir/aegon/target/release/build/akd-6adfeaf30b2ccd5f/out/aegon.shard.v1.rs:80:1
   |
80 | pub struct CommitmentResponse {
   | ^^^^^^^^^^^^^^^^^^^^^^^^^^^^^

warning: missing documentation for a struct field
  --> /home/alrshir/aegon/target/release/build/akd-6adfeaf30b2ccd5f/out/aegon.shard.v1.rs:82:5
   |
82 |     pub epoch_commitment: ::prost::alloc::vec::Vec<u8>,
   |     ^^^^^^^^^^^^^^^^^^^^^^^^^^^^^^^^^^^^^^^^^^^^^^^^^^

warning: missing documentation for a struct
  --> /home/alrshir/aegon/target/release/build/akd-6adfeaf30b2ccd5f/out/aegon.shard.v1.rs:85:1
   |
85 | pub struct Empty {}
   | ^^^^^^^^^^^^^^^^

warning: missing documentation for a struct field
  --> akd/src/aegon/sharded.rs:67:14
   |
67 |     Remote { endpoints: Vec<String> },
   |              ^^^^^^^^^^^^^^^^^^^^^^

warning: missing documentation for a struct field
   --> akd/src/aegon/sharded.rs:125:5
    |
125 |     pub _e: PhantomData<E>,
    |     ^^^^^^^^^^^^^^^^^^^^^^

warning: missing documentation for a method
   --> akd/src/aegon/sharded.rs:136:5
    |
136 |     pub fn n_shards(&self) -> usize {
    |     ^^^^^^^^^^^^^^^^^^^^^^^^^^^^^^^

warning: missing documentation for an associated function
   --> akd/src/aegon/sharded.rs:246:5
    |
246 |     pub fn new() -> Self {
    |     ^^^^^^^^^^^^^^^^^^^^

warning: missing documentation for a method
   --> akd/src/aegon/sharded.rs:314:5
    |
314 |     pub fn build(self) -> Result<ShardedAegonConfig<E, P>, AegonError> {
    |     ^^^^^^^^^^^^^^^^^^^^^^^^^^^^^^^^^^^^^^^^^^^^^^^^^^^^^^^^^^^^^^^^^^

warning: missing documentation for a struct field
   --> akd/src/aegon/sharded.rs:474:5
    |
474 |     pub epoch: u64,
    |     ^^^^^^^^^^^^^^

warning: missing documentation for a struct field
   --> akd/src/aegon/sharded.rs:475:5
    |
475 |     pub merkle_root: EpochDigest,
    |     ^^^^^^^^^^^^^^^^^^^^^^^^^^^^

warning: missing documentation for a struct field
   --> akd/src/aegon/sharded.rs:476:5
    |
476 |     pub per_shard: Vec<EpochCommitment<E, P>>,
    |     ^^^^^^^^^^^^^^^^^^^^^^^^^^^^^^^^^^^^^^^^^

warning: missing documentation for a struct field
   --> akd/src/aegon/sharded.rs:603:5
    |
603 |     pub shard_id: u32,
    |     ^^^^^^^^^^^^^^^^^

warning: missing documentation for a struct field
   --> akd/src/aegon/sharded.rs:604:5
    |
604 |     pub leaf: EpochCommitment<E, P>,
    |     ^^^^^^^^^^^^^^^^^^^^^^^^^^^^^^^

warning: missing documentation for a struct field
   --> akd/src/aegon/sharded.rs:605:5
    |
605 |     pub merkle_path: Vec<EpochDigest>,
    |     ^^^^^^^^^^^^^^^^^^^^^^^^^^^^^^^^^

warning: missing documentation for a struct field
   --> akd/src/aegon/sharded.rs:606:5
    |
606 |     pub evaluation: E::ScalarField,
    |     ^^^^^^^^^^^^^^^^^^^^^^^^^^^^^^

warning: missing documentation for a struct field
   --> akd/src/aegon/sharded.rs:607:5
    |
607 |     pub proof: P::Proof,
    |     ^^^^^^^^^^^^^^^^^^^

warning: missing documentation for a struct field
   --> akd/src/aegon/sharded.rs:634:5
    |
634 |     pub probes: Vec<ShardedProbe<E, P>>,
    |     ^^^^^^^^^^^^^^^^^^^^^^^^^^^^^^^^^^^

warning: missing documentation for a struct field
   --> akd/src/aegon/sharded.rs:638:5
    |
638 |     pub value_proof: P::Proof,
    |     ^^^^^^^^^^^^^^^^^^^^^^^^^

warning: missing documentation for a struct field
   --> akd/src/aegon/sharded.rs:648:5
    |
648 |     pub shard_id: u32,
    |     ^^^^^^^^^^^^^^^^^

warning: missing documentation for a struct field
   --> akd/src/aegon/sharded.rs:649:5
    |
649 |     pub slot_bits: Vec<bool>,
    |     ^^^^^^^^^^^^^^^^^^^^^^^^

warning: missing documentation for a struct field
   --> akd/src/aegon/sharded.rs:662:5
    |
662 |     pub ctr0: u64,
    |     ^^^^^^^^^^^^^

warning: missing documentation for a struct field
   --> akd/src/aegon/sharded.rs:663:5
    |
663 |     pub probes: Vec<ShardedProbe<E, P>>,
    |     ^^^^^^^^^^^^^^^^^^^^^^^^^^^^^^^^^^^

warning: missing documentation for a struct field
   --> akd/src/aegon/sharded.rs:676:5
    |
676 |     pub shard_id: u32,
    |     ^^^^^^^^^^^^^^^^^

warning: missing documentation for a struct field
   --> akd/src/aegon/sharded.rs:677:5
    |
677 |     pub slot_bits: Vec<bool>,
    |     ^^^^^^^^^^^^^^^^^^^^^^^^

warning: missing documentation for a struct field
   --> akd/src/aegon/sharded.rs:678:5
    |
678 |     pub leaf: EpochCommitment<E, P>,
    |     ^^^^^^^^^^^^^^^^^^^^^^^^^^^^^^^

warning: missing documentation for a struct field
   --> akd/src/aegon/sharded.rs:679:5
    |
679 |     pub merkle_path: Vec<EpochDigest>,
    |     ^^^^^^^^^^^^^^^^^^^^^^^^^^^^^^^^^

warning: missing documentation for a struct field
   --> akd/src/aegon/sharded.rs:680:5
    |
680 |     pub evaluation: E::ScalarField,
    |     ^^^^^^^^^^^^^^^^^^^^^^^^^^^^^^

warning: missing documentation for a struct field
   --> akd/src/aegon/sharded.rs:681:5
    |
681 |     pub proof: P::Proof,
    |     ^^^^^^^^^^^^^^^^^^^

warning: missing documentation for a struct field
   --> akd/src/aegon/sharded.rs:717:5
    |
717 |     pub rand_value_pre_proof: P::Proof,
    |     ^^^^^^^^^^^^^^^^^^^^^^^^^^^^^^^^^^

warning: missing documentation for a struct field
   --> akd/src/aegon/sharded.rs:720:5
    |
720 |     pub rand_value_post_proof: P::Proof,
    |     ^^^^^^^^^^^^^^^^^^^^^^^^^^^^^^^^^^^

warning: missing documentation for a struct field
   --> akd/src/aegon/sharded.rs:724:5
    |
724 |     pub value_post_proof: P::Proof,
    |     ^^^^^^^^^^^^^^^^^^^^^^^^^^^^^^

warning: missing documentation for a struct field
   --> akd/src/aegon/sharded.rs:752:5
    |
752 |     pub label: Vec<u8>,
    |     ^^^^^^^^^^^^^^^^^^

warning: missing documentation for a struct field
   --> akd/src/aegon/sharded.rs:753:5
    |
753 |     pub entries: Vec<StoredValueHistoryEntry<E, P>>,
    |     ^^^^^^^^^^^^^^^^^^^^^^^^^^^^^^^^^^^^^^^^^^^^^^^

warning: missing documentation for a struct field
   --> akd/src/aegon/sharded.rs:790:5
    |
790 |     pub rand_index_proof: P::Proof,
    |     ^^^^^^^^^^^^^^^^^^^^^^^^^^^^^^

warning: missing documentation for a struct field
   --> akd/src/aegon/sharded.rs:814:5
    |
814 |     pub label: Vec<u8>,
    |     ^^^^^^^^^^^^^^^^^^

warning: missing documentation for a struct field
   --> akd/src/aegon/sharded.rs:828:5
    |
828 |     pub shard_id: u32,
    |     ^^^^^^^^^^^^^^^^^

warning: missing documentation for a struct field
   --> akd/src/aegon/sharded.rs:829:5
    |
829 |     pub slot_bits: Vec<bool>,
    |     ^^^^^^^^^^^^^^^^^^^^^^^^

warning: missing documentation for a struct field
   --> akd/src/aegon/sharded.rs:833:5
    |
833 |     pub rand_index_current_proof: P::Proof,
    |     ^^^^^^^^^^^^^^^^^^^^^^^^^^^^^^^^^^^^^^

warning: missing documentation for a struct field
   --> akd/src/aegon/sharded.rs:870:5
    |
870 |     pub rand_value_current_proof: P::Proof,
    |     ^^^^^^^^^^^^^^^^^^^^^^^^^^^^^^^^^^^^^^

warning: missing documentation for a struct field
   --> akd/src/aegon/sharded.rs:885:5
    |
885 |     pub shard_id: u32,
    |     ^^^^^^^^^^^^^^^^^

warning: missing documentation for a struct field
   --> akd/src/aegon/sharded.rs:886:5
    |
886 |     pub leaf_s0: EpochCommitment<E, P>,
    |     ^^^^^^^^^^^^^^^^^^^^^^^^^^^^^^^^^^

warning: missing documentation for a struct field
   --> akd/src/aegon/sharded.rs:887:5
    |
887 |     pub leaf_s1: EpochCommitment<E, P>,
    |     ^^^^^^^^^^^^^^^^^^^^^^^^^^^^^^^^^^

warning: missing documentation for a struct field
   --> akd/src/aegon/sharded.rs:888:5
    |
888 |     pub merkle_path_s0: Vec<EpochDigest>,
    |     ^^^^^^^^^^^^^^^^^^^^^^^^^^^^^^^^^^^^

warning: missing documentation for a struct field
   --> akd/src/aegon/sharded.rs:889:5
    |
889 |     pub merkle_path_s1: Vec<EpochDigest>,
    |     ^^^^^^^^^^^^^^^^^^^^^^^^^^^^^^^^^^^^

warning: missing documentation for a struct field
   --> akd/src/aegon/sharded.rs:890:5
    |
890 |     pub inner: RandPair<E, P>,
    |     ^^^^^^^^^^^^^^^^^^^^^^^^^

warning: missing documentation for a struct field
   --> akd/src/aegon/sharded.rs:898:5
    |
898 |     pub ctr0: u64,
    |     ^^^^^^^^^^^^^

warning: missing documentation for a struct field
   --> akd/src/aegon/sharded.rs:899:5
    |
899 |     pub index_witnesses: Vec<ShardedRandPair<E, P>>,
    |     ^^^^^^^^^^^^^^^^^^^^^^^^^^^^^^^^^^^^^^^^^^^^^^^

warning: missing documentation for a struct field
   --> akd/src/aegon/sharded.rs:900:5
    |
900 |     pub value_witness: ShardedRandPair<E, P>,
    |     ^^^^^^^^^^^^^^^^^^^^^^^^^^^^^^^^^^^^^^^^

warning: missing documentation for a struct field
   --> akd/src/aegon/sharded.rs:909:5
    |
909 |     pub log_n_shards: usize,
    |     ^^^^^^^^^^^^^^^^^^^^^^^

warning: missing documentation for an associated function
   --> akd/src/aegon/sharded.rs:913:5
    |
913 |     pub fn new(inner: VerifierContext<E, P>, log_n_shards: usize) -> Self {
    |     ^^^^^^^^^^^^^^^^^^^^^^^^^^^^^^^^^^^^^^^^^^^^^^^^^^^^^^^^^^^^^^^^^^^^^

warning: missing documentation for a method
   --> akd/src/aegon/sharded.rs:920:5
    |
920 |     pub fn shard_log_capacity(&self) -> usize {
    |     ^^^^^^^^^^^^^^^^^^^^^^^^^^^^^^^^^^^^^^^^^

warning: missing documentation for a method
   --> akd/src/aegon/sharded.rs:924:5
    |
924 |     pub fn total_log_capacity(&self) -> usize {
    |     ^^^^^^^^^^^^^^^^^^^^^^^^^^^^^^^^^^^^^^^^^

warning: missing documentation for a method
    --> akd/src/aegon/sharded.rs:1238:5
     |
1238 |     pub fn n_shards(&self) -> usize {
     |     ^^^^^^^^^^^^^^^^^^^^^^^^^^^^^^^

warning: missing documentation for a method
    --> akd/src/aegon/sharded.rs:1242:5
     |
1242 |     pub fn log_n_shards(&self) -> usize {
     |     ^^^^^^^^^^^^^^^^^^^^^^^^^^^^^^^^^^^

warning: missing documentation for a method
    --> akd/src/aegon/sharded.rs:1246:5
     |
1246 |     pub fn shard_log_capacity(&self) -> usize {
     |     ^^^^^^^^^^^^^^^^^^^^^^^^^^^^^^^^^^^^^^^^^

warning: missing documentation for a method
    --> akd/src/aegon/sharded.rs:1250:5
     |
1250 |     pub fn log_capacity(&self) -> usize {
     |     ^^^^^^^^^^^^^^^^^^^^^^^^^^^^^^^^^^^

warning: missing documentation for a method
    --> akd/src/aegon/sharded.rs:1254:5
     |
1254 |     pub fn epoch(&self) -> u64 {
     |     ^^^^^^^^^^^^^^^^^^^^^^^^^^

warning: missing documentation for a method
    --> akd/src/aegon/sharded.rs:1272:5
     |
1272 |     pub fn current_commitment(&self) -> ShardedEpochCommitment<E, P> {
     |     ^^^^^^^^^^^^^^^^^^^^^^^^^^^^^^^^^^^^^^^^^^^^^^^^^^^^^^^^^^^^^^^^

warning: missing documentation for a method
    --> akd/src/aegon/sharded.rs:1279:5
     |
1279 |     pub fn epoch_commitment(&self, epoch: u64) -> Option<ShardedEpochCommitment<E, P>> {
     |     ^^^^^^^^^^^^^^^^^^^^^^^^^^^^^^^^^^^^^^^^^^^^^^^^^^^^^^^^^^^^^^^^^^^^^^^^^^^^^^^^^^

warning: missing documentation for a struct field
    --> akd/src/aegon/sharded.rs:2657:5
     |
2657 |     pub entry_roots: Vec<(EpochDigest, EpochDigest)>,
     |     ^^^^^^^^^^^^^^^^^^^^^^^^^^^^^^^^^^^^^^^^^^^^^^^^

warning: missing documentation for a struct field
    --> akd/src/aegon/sharded.rs:2658:5
     |
2658 |     pub live_root: Option<EpochDigest>,
     |     ^^^^^^^^^^^^^^^^^^^^^^^^^^^^^^^^^^

warning: missing documentation for a function
    --> akd/src/aegon/sharded.rs:2661:1
     |
2661 | / pub fn verify_lookup_history<E, P, H>(
2662 | |     ctx: &ShardedVerifierContext<E, P>,
2663 | |     history: &ShardedValueHistory<E, P>,
2664 | | ) -> Result<VerifiedLookupHistory, AegonError>
...    |
2667 | |     P: AegonPcs<E>,
2668 | |     H: HashSuite<E::ScalarField>,
     | |_________________________________^

warning: missing documentation for a struct field
    --> akd/src/aegon/sharded.rs:2821:5
     |
2821 |     pub placement_root: Option<EpochDigest>,
     |     ^^^^^^^^^^^^^^^^^^^^^^^^^^^^^^^^^^^^^^^

warning: missing documentation for a struct field
    --> akd/src/aegon/sharded.rs:2822:5
     |
2822 |     pub live_root: Option<EpochDigest>,
     |     ^^^^^^^^^^^^^^^^^^^^^^^^^^^^^^^^^^

warning: missing documentation for a type alias
 --> akd/src/aegon/types.rs:9:1
  |
9 | pub type Label = Vec<u8>;
  | ^^^^^^^^^^^^^^

warning: missing documentation for a type alias
  --> akd/src/aegon/types.rs:10:1
   |
10 | pub type Value = Vec<u8>;
   | ^^^^^^^^^^^^^^

warning: missing documentation for a struct field
  --> akd/src/aegon/types.rs:52:5
   |
52 |     pub epoch: u64,
   |     ^^^^^^^^^^^^^^

warning: missing documentation for a struct field
  --> akd/src/aegon/types.rs:53:5
   |
53 |     pub index_commitment: P::Commitment,
   |     ^^^^^^^^^^^^^^^^^^^^^^^^^^^^^^^^^^^

warning: missing documentation for a struct field
  --> akd/src/aegon/types.rs:54:5
   |
54 |     pub value_commitment: P::Commitment,
   |     ^^^^^^^^^^^^^^^^^^^^^^^^^^^^^^^^^^^

warning: missing documentation for a struct field
  --> akd/src/aegon/types.rs:55:5
   |
55 |     pub rand_index_commitment: P::Commitment,
   |     ^^^^^^^^^^^^^^^^^^^^^^^^^^^^^^^^^^^^^^^^

warning: missing documentation for a struct field
  --> akd/src/aegon/types.rs:56:5
   |
56 |     pub rand_value_commitment: P::Commitment,
   |     ^^^^^^^^^^^^^^^^^^^^^^^^^^^^^^^^^^^^^^^^

warning: missing documentation for a struct field
  --> akd/src/aegon/types.rs:57:5
   |
57 |     pub _e: PhantomData<E>,
   |     ^^^^^^^^^^^^^^^^^^^^^^

warning: missing documentation for a struct field
  --> akd/src/aegon/types.rs:78:5
   |
78 |     pub ctr0: u64,
   |     ^^^^^^^^^^^^^

warning: missing documentation for a struct field
  --> akd/src/aegon/types.rs:79:5
   |
79 |     pub probes: Vec<(E::ScalarField, P::Proof)>,
   |     ^^^^^^^^^^^^^^^^^^^^^^^^^^^^^^^^^^^^^^^^^^^

warning: missing documentation for a struct field
  --> akd/src/aegon/types.rs:80:5
   |
80 |     pub value_evaluation: E::ScalarField,
   |     ^^^^^^^^^^^^^^^^^^^^^^^^^^^^^^^^^^^^

warning: missing documentation for a struct field
  --> akd/src/aegon/types.rs:81:5
   |
81 |     pub value_proof: P::Proof,
   |     ^^^^^^^^^^^^^^^^^^^^^^^^^

warning: missing documentation for a method
  --> akd/src/aegon/types.rs:85:5
   |
85 |     pub fn num_probes(&self) -> usize {
   |     ^^^^^^^^^^^^^^^^^^^^^^^^^^^^^^^^^

warning: missing documentation for a struct field
  --> akd/src/aegon/types.rs:98:5
   |
98 |     pub r_index: F,
   |     ^^^^^^^^^^^^^^

warning: missing documentation for a struct field
  --> akd/src/aegon/types.rs:99:5
   |
99 |     pub r_value: F,
   |     ^^^^^^^^^^^^^^

warning: missing documentation for a struct field
   --> akd/src/aegon/types.rs:118:5
    |
118 |     pub eval_s0: E::ScalarField,
    |     ^^^^^^^^^^^^^^^^^^^^^^^^^^^

warning: missing documentation for a struct field
   --> akd/src/aegon/types.rs:119:5
    |
119 |     pub proof_s0: P::Proof,
    |     ^^^^^^^^^^^^^^^^^^^^^^

warning: missing documentation for a struct field
   --> akd/src/aegon/types.rs:120:5
    |
120 |     pub eval_s1: E::ScalarField,
    |     ^^^^^^^^^^^^^^^^^^^^^^^^^^^

warning: missing documentation for a struct field
   --> akd/src/aegon/types.rs:121:5
    |
121 |     pub proof_s1: P::Proof,
    |     ^^^^^^^^^^^^^^^^^^^^^^

warning: missing documentation for a struct field
   --> akd/src/aegon/types.rs:138:5
    |
138 |     pub ctr0: u64,
    |     ^^^^^^^^^^^^^

warning: missing documentation for a struct field
   --> akd/src/aegon/types.rs:139:5
    |
139 |     pub index_witnesses: Vec<RandPair<E, P>>,
    |     ^^^^^^^^^^^^^^^^^^^^^^^^^^^^^^^^^^^^^^^^

warning: missing documentation for a struct field
   --> akd/src/aegon/types.rs:140:5
    |
140 |     pub value_witness: RandPair<E, P>,
    |     ^^^^^^^^^^^^^^^^^^^^^^^^^^^^^^^^^

warning: missing documentation for a struct field
   --> akd/src/aegon/types.rs:171:5
    |
171 |     pub rand_index_pre_proof: P::Proof,
    |     ^^^^^^^^^^^^^^^^^^^^^^^^^^^^^^^^^^

warning: missing documentation for a struct field
   --> akd/src/aegon/types.rs:175:5
    |
175 |     pub rand_value_pre_proof: P::Proof,
    |     ^^^^^^^^^^^^^^^^^^^^^^^^^^^^^^^^^^

warning: missing documentation for a struct field
   --> akd/src/aegon/types.rs:180:5
    |
180 |     pub rand_index_post_proof: P::Proof,
    |     ^^^^^^^^^^^^^^^^^^^^^^^^^^^^^^^^^^^

warning: missing documentation for a struct field
   --> akd/src/aegon/types.rs:185:5
    |
185 |     pub rand_value_post_proof: P::Proof,
    |     ^^^^^^^^^^^^^^^^^^^^^^^^^^^^^^^^^^^

warning: missing documentation for a struct field
   --> akd/src/aegon/types.rs:189:5
    |
189 |     pub value_post_proof: P::Proof,
    |     ^^^^^^^^^^^^^^^^^^^^^^^^^^^^^^

warning: missing documentation for a struct field
   --> akd/src/aegon/types.rs:221:5
    |
221 |     pub rand_value_pre_proof: P::Proof,
    |     ^^^^^^^^^^^^^^^^^^^^^^^^^^^^^^^^^^

warning: missing documentation for a struct field
   --> akd/src/aegon/types.rs:224:5
    |
224 |     pub rand_value_post_proof: P::Proof,
    |     ^^^^^^^^^^^^^^^^^^^^^^^^^^^^^^^^^^^

warning: missing documentation for a struct field
   --> akd/src/aegon/types.rs:228:5
    |
228 |     pub value_post_proof: P::Proof,
    |     ^^^^^^^^^^^^^^^^^^^^^^^^^^^^^^

warning: missing documentation for a struct field
   --> akd/src/aegon/types.rs:242:5
    |
242 |     pub entries: Vec<HistoryOpeningEntry<E, P>>,
    |     ^^^^^^^^^^^^^^^^^^^^^^^^^^^^^^^^^^^^^^^^^^^

warning: missing documentation for a struct field
   --> akd/src/aegon/types.rs:243:5
    |
243 |     pub value_changes: Vec<ValueChangeEntry<E, P>>,
    |     ^^^^^^^^^^^^^^^^^^^^^^^^^^^^^^^^^^^^^^^^^^^^^^

warning: `akd` (lib) generated 276 warnings (run `cargo fix --lib -p akd` to apply 1 suggestion)
    Finished `release` profile [optimized] target(s) in 0.25s
[12:51:31] small fill=0%: true_cap=1048576 target=0 initial_prefill=0 lookup_ns=1000
bench: mode=local n_shards=1 (shard_log_capacity=22, kzh_k=7, log_n_shards=0)
Loading SRS
bench: setup OK in 714.0 ms
bench: client connecting to http://127.0.0.1:50190 ...
--- preload level 1/1: target=0 (current=0) ---
  level=0: bench RSS = 292 MB (299132 KB)
  publish_bench: batch=2 samples=3
  publish_bench: batch=4 samples=3
  publish_bench: batch=8 samples=3
  publish_bench: batch=16 samples=3
  publish_bench: batch=32 samples=3
  publish_bench: batch=64 samples=3
  audit sample 0: epoch 0->1 verify=0.247ms fetch=0.000ms proof_bytes=344
  audit sample 4: epoch 4->5 verify=0.258ms fetch=0.000ms proof_bytes=344
[lookup-bench] flushed /home/alrshir/aegon/bench-results/lookup/small_fill0.json (1 level(s) so far)
wrote "/home/alrshir/aegon/bench-results/lookup/small_fill0.json"
[12:51:32] small fill=0%: wrote /home/alrshir/aegon/bench-results/lookup/small_fill0.json
[12:51:32] small fill=30%: true_cap=1048576 target=314572 initial_prefill=313572 lookup_ns=1000
bench: mode=local n_shards=1 (shard_log_capacity=22, kzh_k=7, log_n_shards=0)
Loading SRS
bench: setup OK in 708.0 ms
bench: initial prefill of 313572 anonymous entries (seed_base=1)
bench: initial prefill done in 40.8 s
bench: client connecting to http://127.0.0.1:50190 ...
--- preload level 1/1: target=1000 (current=0) ---
  published 1000 labels (0..1000) in 528.6 ms
  level=1000: bench RSS = 799 MB (818988 KB)
  sample 0: server[lbl/val/vh/lh]=0.02/0.01/0.00/0.00ms client[lbl/val/vh/lh]=0.71/0.34/0.23/0.26ms totals[lbl/val/vh/lh]=4100/4358/29/22B (vh_entries=0)
  sample 9: server[lbl/val/vh/lh]=0.01/0.00/0.00/0.00ms client[lbl/val/vh/lh]=0.15/0.16/0.16/0.17ms totals[lbl/val/vh/lh]=4140/4398/29/22B (vh_entries=0)
  sample 19: server[lbl/val/vh/lh]=0.01/0.00/0.00/0.00ms client[lbl/val/vh/lh]=0.21/0.22/0.18/0.16ms totals[lbl/val/vh/lh]=4140/4398/29/22B (vh_entries=0)
  publish_bench: batch=2 samples=3
  publish_bench: batch=4 samples=3
  publish_bench: batch=8 samples=3
  publish_bench: batch=16 samples=3
  publish_bench: batch=32 samples=3
  publish_bench: batch=64 samples=3
  audit sample 0: epoch 0->1 verify=0.251ms fetch=0.001ms proof_bytes=344
  audit sample 4: epoch 4->5 verify=0.257ms fetch=0.000ms proof_bytes=344
[lookup-bench] flushed /home/alrshir/aegon/bench-results/lookup/small_fill30.json (1 level(s) so far)
wrote "/home/alrshir/aegon/bench-results/lookup/small_fill30.json"
[12:52:19] small fill=30%: wrote /home/alrshir/aegon/bench-results/lookup/small_fill30.json
[12:52:19] small fill=60%: true_cap=1048576 target=629145 initial_prefill=628145 lookup_ns=1000
bench: mode=local n_shards=1 (shard_log_capacity=22, kzh_k=7, log_n_shards=0)
Loading SRS
bench: setup OK in 717.6 ms
bench: initial prefill of 628145 anonymous entries (seed_base=1)
bench: initial prefill done in 69.3 s
bench: client connecting to http://127.0.0.1:50190 ...
--- preload level 1/1: target=1000 (current=0) ---
  published 1000 labels (0..1000) in 693.8 ms
  level=1000: bench RSS = 938 MB (960532 KB)
  sample 0: server[lbl/val/vh/lh]=0.02/0.00/0.00/0.00ms client[lbl/val/vh/lh]=0.67/0.30/0.22/0.18ms totals[lbl/val/vh/lh]=4100/4358/29/22B (vh_entries=0)
  sample 9: server[lbl/val/vh/lh]=0.01/0.00/0.00/0.00ms client[lbl/val/vh/lh]=0.22/0.20/0.18/0.16ms totals[lbl/val/vh/lh]=4180/4438/29/22B (vh_entries=0)
  sample 19: server[lbl/val/vh/lh]=0.01/0.00/0.00/0.00ms client[lbl/val/vh/lh]=0.20/0.20/0.19/0.20ms totals[lbl/val/vh/lh]=4180/4438/29/22B (vh_entries=0)
  publish_bench: batch=2 samples=3
  publish_bench: batch=4 samples=3
  publish_bench: batch=8 samples=3
  publish_bench: batch=16 samples=3
  publish_bench: batch=32 samples=3
  publish_bench: batch=64 samples=3
  audit sample 0: epoch 0->1 verify=0.264ms fetch=0.000ms proof_bytes=344
  audit sample 4: epoch 4->5 verify=0.272ms fetch=0.000ms proof_bytes=344
[lookup-bench] flushed /home/alrshir/aegon/bench-results/lookup/small_fill60.json (1 level(s) so far)
wrote "/home/alrshir/aegon/bench-results/lookup/small_fill60.json"
[12:53:37] small fill=60%: wrote /home/alrshir/aegon/bench-results/lookup/small_fill60.json
[12:53:37] small fill=90%: true_cap=1048576 target=943718 initial_prefill=942718 lookup_ns=1000
bench: mode=local n_shards=1 (shard_log_capacity=22, kzh_k=7, log_n_shards=0)
Loading SRS
bench: setup OK in 754.5 ms
bench: initial prefill of 942718 anonymous entries (seed_base=1)
bench: initial prefill done in 94.0 s
bench: client connecting to http://127.0.0.1:50190 ...
--- preload level 1/1: target=1000 (current=0) ---
  published 1000 labels (0..1000) in 867.4 ms
  level=1000: bench RSS = 1160 MB (1188008 KB)
  sample 0: server[lbl/val/vh/lh]=0.02/0.01/0.00/0.00ms client[lbl/val/vh/lh]=0.66/0.39/0.28/0.32ms totals[lbl/val/vh/lh]=4100/4358/29/22B (vh_entries=0)
  sample 9: server[lbl/val/vh/lh]=0.01/0.00/0.00/0.00ms client[lbl/val/vh/lh]=0.17/0.16/0.17/0.21ms totals[lbl/val/vh/lh]=4220/4478/29/22B (vh_entries=0)
  sample 19: server[lbl/val/vh/lh]=0.01/0.00/0.00/0.00ms client[lbl/val/vh/lh]=0.18/0.17/0.13/0.13ms totals[lbl/val/vh/lh]=4180/4438/29/22B (vh_entries=0)
  publish_bench: batch=2 samples=3
  publish_bench: batch=4 samples=3
  publish_bench: batch=8 samples=3
  publish_bench: batch=16 samples=3
  publish_bench: batch=32 samples=3
  publish_bench: batch=64 samples=3
  audit sample 0: epoch 0->1 verify=0.267ms fetch=0.000ms proof_bytes=344
  audit sample 4: epoch 4->5 verify=0.284ms fetch=0.000ms proof_bytes=344
[lookup-bench] flushed /home/alrshir/aegon/bench-results/lookup/small_fill90.json (1 level(s) so far)
wrote "/home/alrshir/aegon/bench-results/lookup/small_fill90.json"
[12:55:23] small fill=90%: wrote /home/alrshir/aegon/bench-results/lookup/small_fill90.json
[12:55:23] medium: skipped via SKIP_MEDIUM=1
[12:55:23] done. JSON records in /home/alrshir/aegon/bench-results/lookup/
[12:55:23] 
[12:55:23] for the large regime (2^32 dict / 128 shards / publish batches 4096..131072), run:
[12:55:23]     PROJECT=<gcp-project> ./scripts/bench-cluster.sh up
[12:55:23]     PROJECT=<gcp-project> ./scripts/bench-cluster.sh deploy
[12:55:23]     PROJECT=<gcp-project> ./scripts/bench-cluster.sh lookup-bench
