[2026-05-22T17:30:36+0000] host: instance-20260503-131121
[2026-05-22T17:30:36+0000] PROJECT=jbonneau-mwalfish-9a0c  N_SHARDS=2  SHARD_LOG_CAPACITY=27  KZH_K=9
[2026-05-22T17:30:36+0000] PUBLISH_BATCH_SIZES=64,128,256,512,1024,2048
[2026-05-22T17:30:36+0000] results dir: /home/alrshir/aegon/bench-results
[2026-05-22T17:30:36+0000] ==== medium-up START ====
[2026-05-22T17:32:40+0000] ==== medium-up OK in 124s ====
[2026-05-22T17:32:40+0000] ==== medium-deploy START ====
[2026-05-22T17:41:59+0000] ==== medium-deploy OK in 559s ====
[2026-05-22T17:41:59+0000] ==== medium-setup-bench START ====
[2026-05-22T17:46:24+0000] ==== medium-setup-bench OK in 265s ====
[2026-05-22T17:46:24+0000] ==== medium-start-shards START ====
[2026-05-22T17:51:31+0000] ==== medium-start-shards OK in 307s ====
[2026-05-22T17:51:31+0000] ==== medium-lookup-bench START ====
[2026-05-22T17:56:16+0000] ==== medium-lookup-bench FAILED rc=200 after 285s ====
[2026-05-22T17:56:16+0000] WARN: lookup-bench failed; tearing down anyway
[2026-05-22T17:56:16+0000] ==== medium-down START ====
[2026-05-22T17:59:05+0000] ==== medium-down OK in 169s ====
[2026-05-22T17:59:05+0000] ==== MEDIUM CLUSTER DONE ====
[2026-05-22T17:59:05+0000] JSON outputs:
/home/alrshir/aegon/bench-results/_backup-pre-nfs-refactor/lookup/medium_fill0.json
/home/alrshir/aegon/bench-results/_backup-pre-nfs-refactor/publish/medium.json
/home/alrshir/aegon/bench-results/_backup-pre-nfs-refactor/setup/medium.json
/home/alrshir/aegon/bench-results/lookup/medium-v11-partial-level1only.json
/home/alrshir/aegon/bench-results/setup/medium_cluster.json
