[2026-05-22T17:59:12+0000] host: instance-20260503-131121
[2026-05-22T17:59:12+0000] PROJECT=jbonneau-mwalfish-9a0c  N_SHARDS=2  SHARD_LOG_CAPACITY=27  KZH_K=9
[2026-05-22T17:59:12+0000] PUBLISH_BATCH_SIZES=64,128,256,512,1024,2048
[2026-05-22T17:59:12+0000] results dir: /home/alrshir/aegon/bench-results
[2026-05-22T17:59:12+0000] ==== medium-up START ====
[2026-05-22T18:01:21+0000] ==== medium-up OK in 129s ====
[2026-05-22T18:01:21+0000] ==== medium-deploy START ====
[2026-05-22T18:12:30+0000] ==== medium-deploy OK in 669s ====
[2026-05-22T18:12:30+0000] ==== medium-setup-bench START ====
[2026-05-22T18:16:58+0000] ==== medium-setup-bench OK in 268s ====
[2026-05-22T18:16:58+0000] ==== medium-start-shards START ====
[2026-05-22T18:22:05+0000] ==== medium-start-shards OK in 307s ====
[2026-05-22T18:22:05+0000] ==== medium-lookup-bench START ====
[2026-05-23T09:35:55+0000] ==== medium-lookup-bench FAILED rc=15 after 54830s ====
[2026-05-23T09:35:55+0000] WARN: lookup-bench failed; tearing down anyway
[2026-05-23T09:35:55+0000] ==== medium-down START ====
[2026-05-23T09:38:35+0000] ==== medium-down OK in 160s ====
[2026-05-23T09:38:35+0000] ==== MEDIUM CLUSTER DONE ====
[2026-05-23T09:38:35+0000] JSON outputs:
/home/alrshir/aegon/bench-results/_backup-pre-nfs-refactor/lookup/medium_fill0.json
/home/alrshir/aegon/bench-results/_backup-pre-nfs-refactor/publish/medium.json
/home/alrshir/aegon/bench-results/_backup-pre-nfs-refactor/setup/medium.json
/home/alrshir/aegon/bench-results/lookup/medium-v11-partial-level1only.json
/home/alrshir/aegon/bench-results/setup/medium_cluster.json
