[2026-05-23T21:10:02Z] state=active bytes=58788 (local json=3808)
[2026-05-23T21:15:12Z] state=active bytes=59388 (local json=3808)
[2026-05-23T21:20:22Z] state=active bytes=59988 (local json=3808)
[2026-05-23T21:25:32Z] state=active bytes=60528 (local json=3808)
[2026-05-23T21:30:42Z] state=active bytes=61128 (local json=3808)
[2026-05-23T21:35:53Z] state=active bytes=61728 (local json=3808)
[2026-05-23T21:41:03Z] state=active bytes=62268 (local json=3808)
[2026-05-23T21:46:13Z] state=active bytes=62868 (local json=3808)
[2026-05-23T21:51:23Z] state=active bytes=63468 (local json=3808)
[2026-05-23T21:56:33Z] state=active bytes=64068 (local json=3808)
[2026-05-23T22:01:44Z] state=active bytes=64608 (local json=3808)
[2026-05-23T22:06:54Z] state=active bytes=65208 (local json=3808)
[2026-05-23T22:12:04Z] state=active bytes=65808 (local json=3808)
[2026-05-23T22:17:14Z] state=active bytes=66408 (local json=3808)
[2026-05-23T22:22:24Z] state=active bytes=67008 (local json=3808)
[2026-05-23T22:27:35Z] state=active bytes=67548 (local json=3808)
[2026-05-23T22:32:45Z] state=active bytes=68088 (local json=3808)
[2026-05-23T22:37:55Z] state=active bytes=68688 (local json=3808)
[2026-05-23T22:43:05Z] state=active bytes=69288 (local json=3808)
[2026-05-23T22:48:15Z] state=active bytes=69828 (local json=3808)
[2026-05-23T22:53:25Z] state=active bytes=70428 (local json=3808)
[2026-05-23T22:58:35Z] state=active bytes=70968 (local json=3808)
[2026-05-23T23:03:45Z] state=active bytes=71568 (local json=3808)
[2026-05-23T23:08:56Z] state=active bytes=72168 (local json=3808)
[2026-05-23T23:14:06Z] state=active bytes=72708 (local json=3808)
[2026-05-23T23:19:16Z] state=active bytes=74285 (local json=33822)
[2026-05-23T23:24:27Z] state=active bytes=74825 (local json=33822)
[2026-05-23T23:29:36Z] state=active bytes=75425 (local json=33822)
[2026-05-23T23:34:46Z] state=active bytes=75965 (local json=33822)
[2026-05-23T23:39:56Z] state=active bytes=76565 (local json=33822)
[2026-05-23T23:45:06Z] state=active bytes=77165 (local json=33822)
[2026-05-23T23:50:17Z] state=active bytes=77705 (local json=33822)
[2026-05-23T23:55:27Z] state=active bytes=78245 (local json=33822)
[2026-05-24T00:00:38Z] state=active bytes=78725 (local json=33822)
[2026-05-24T00:05:48Z] state=active bytes=79265 (local json=33822)
[2026-05-24T00:10:58Z] state=active bytes=79805 (local json=33822)
[2026-05-24T00:16:08Z] state=active bytes=80345 (local json=33822)
[2026-05-24T00:21:18Z] state=active bytes=80885 (local json=33822)
[2026-05-24T00:26:28Z] state=active bytes=81425 (local json=33822)
[2026-05-24T00:31:39Z] state=active bytes=81965 (local json=33822)
[2026-05-24T00:36:49Z] state=active bytes=82565 (local json=33822)
[2026-05-24T00:41:59Z] state=active bytes=83105 (local json=33822)
[2026-05-24T00:47:09Z] state=active bytes=83645 (local json=33822)
[2026-05-24T00:52:19Z] state=active bytes=84185 (local json=33822)
[2026-05-24T00:57:29Z] state=active bytes=84725 (local json=33822)
[2026-05-24T01:02:39Z] state=active bytes=85265 (local json=33822)
[2026-05-24T01:07:50Z] state=active bytes=85805 (local json=33822)
[2026-05-24T01:13:00Z] state=active bytes=86345 (local json=33822)
[2026-05-24T01:18:10Z] state=active bytes=86885 (local json=33822)
[2026-05-24T01:23:21Z] state=active bytes=87425 (local json=33822)
[2026-05-24T01:28:31Z] state=active bytes=87965 (local json=33822)
[2026-05-24T01:33:41Z] state=active bytes=88505 (local json=33822)
[2026-05-24T01:38:51Z] state=active bytes=89045 (local json=33822)
[2026-05-24T01:44:01Z] state=active bytes=89585 (local json=33822)
[2026-05-24T01:49:11Z] state=active bytes=90125 (local json=33822)
[2026-05-24T01:54:22Z] state=active bytes=90665 (local json=33822)
[2026-05-24T01:59:32Z] state=active bytes=91145 (local json=33822)
[2026-05-24T02:04:43Z] state=active bytes=91685 (local json=33822)
[2026-05-24T02:09:53Z] state=active bytes=92225 (local json=33822)
[2026-05-24T02:15:03Z] state=active bytes=92705 (local json=33822)
[2026-05-24T02:20:14Z] state=active bytes=93245 (local json=33822)
[2026-05-24T02:25:24Z] state=active bytes=93725 (local json=33822)
[2026-05-24T02:30:34Z] state=active bytes=94205 (local json=33822)
[2026-05-24T02:35:45Z] state=active bytes=94685 (local json=33822)
[2026-05-24T02:40:55Z] state=active bytes=95225 (local json=33822)
[2026-05-24T02:46:05Z] state=active bytes=95705 (local json=33822)
[2026-05-24T02:51:15Z] state=active bytes=96185 (local json=33822)
[2026-05-24T02:56:25Z] state=active bytes=96665 (local json=33822)
[2026-05-24T03:01:35Z] state=active bytes=97145 (local json=33822)
[2026-05-24T03:06:46Z] state=active bytes=97625 (local json=33822)
[2026-05-24T03:11:55Z] state=active bytes=98105 (local json=33822)
[2026-05-24T03:17:05Z] state=active bytes=98585 (local json=33822)
[2026-05-24T03:22:16Z] state=active bytes=99065 (local json=33822)
[2026-05-24T03:27:26Z] state=active bytes=99545 (local json=33822)
[2026-05-24T03:32:36Z] state=active bytes=100025 (local json=33822)
[2026-05-24T03:37:46Z] state=active bytes=100445 (local json=33822)
[2026-05-24T03:42:56Z] state=active bytes=100925 (local json=33822)
[2026-05-24T03:48:07Z] state=active bytes=101405 (local json=33822)
[2026-05-24T03:53:17Z] state=active bytes=101825 (local json=33822)
[2026-05-24T03:58:27Z] state=active bytes=102305 (local json=33822)
[2026-05-24T04:03:38Z] state=active bytes=102785 (local json=33822)
[2026-05-24T04:08:48Z] state=active bytes=103205 (local json=33822)
[2026-05-24T04:13:59Z] state=active bytes=103685 (local json=33822)
[2026-05-24T04:19:09Z] state=active bytes=104105 (local json=33822)
[2026-05-24T04:24:19Z] state=failed bytes=104165 (local json=33822)
[2026-05-24T04:24:19Z] bench unit no longer active (state=failed) — final fetch + exit
WARNING: 

To increase the performance of the tunnel, consider installing NumPy. For instructions,
please see https://cloud.google.com/iap/docs/using-tcp-forwarding#increasing_the_tcp_upload_bandwidth

[2026-05-24T04:24:22Z] watcher exiting; cluster NOT torn down — run 'PROJECT=jbonneau-mwalfish-9a0c scripts/bench-cluster.sh down' to clean up
